127.0.0.1 - - [30/Oct/2021:18:24:27 +0530] "GET / HTTP/1.1" 404 751
0:0:0:0:0:0:0:1 - - [30/Oct/2021:18:24:36 +0530] "GET /web/ HTTP/1.1" 200 57
0:0:0:0:0:0:0:1 - - [30/Oct/2021:18:24:40 +0530] "GET /app/ HTTP/1.1" 404 759
0:0:0:0:0:0:0:1 - - [30/Oct/2021:18:24:47 +0530] "GET /web/app/ HTTP/1.1" 404 767
127.0.0.1 - - [30/Oct/2021:18:29:54 +0530] "GET / HTTP/1.1" 404 751
0:0:0:0:0:0:0:1 - - [30/Oct/2021:18:30:26 +0530] "GET /web/app/ HTTP/1.1" 404 767
0:0:0:0:0:0:0:1 - - [30/Oct/2021:18:30:28 +0530] "GET /web HTTP/1.1" 302 -
0:0:0:0:0:0:0:1 - - [30/Oct/2021:18:30:28 +0530] "GET /web/ HTTP/1.1" 200 57
0:0:0:0:0:0:0:1 - - [30/Oct/2021:18:30:34 +0530] "GET /web/webapp HTTP/1.1" 404 765
0:0:0:0:0:0:0:1 - - [30/Oct/2021:18:30:40 +0530] "GET /webapp HTTP/1.1" 404 757
0:0:0:0:0:0:0:1 - - [30/Oct/2021:18:31:12 +0530] "GET /web/webapp HTTP/1.1" 404 765
127.0.0.1 - - [30/Oct/2021:18:32:22 +0530] "GET / HTTP/1.1" 404 751
0:0:0:0:0:0:0:1 - - [30/Oct/2021:18:32:38 +0530] "GET /web/webapp HTTP/1.1" 404 765
0:0:0:0:0:0:0:1 - - [30/Oct/2021:18:32:41 +0530] "GET /webapp HTTP/1.1" 404 757
127.0.0.1 - - [30/Oct/2021:18:33:47 +0530] "GET / HTTP/1.1" 404 751
0:0:0:0:0:0:0:1 - - [30/Oct/2021:18:34:02 +0530] "GET /webapp HTTP/1.1" 404 757
0:0:0:0:0:0:0:1 - - [30/Oct/2021:18:35:11 +0530] "GET /web/webapp HTTP/1.1" 404 765
0:0:0:0:0:0:0:1 - - [30/Oct/2021:18:35:26 +0530] "GET /web/ HTTP/1.1" 200 57
127.0.0.1 - - [30/Oct/2021:18:38:10 +0530] "GET / HTTP/1.1" 404 751
0:0:0:0:0:0:0:1 - - [30/Oct/2021:18:38:18 +0530] "GET /web/ HTTP/1.1" 200 57
0:0:0:0:0:0:0:1 - - [30/Oct/2021:18:38:22 +0530] "GET /web/webapp HTTP/1.1" 404 765
127.0.0.1 - - [30/Oct/2021:18:41:40 +0530] "GET / HTTP/1.1" 404 751
0:0:0:0:0:0:0:1 - - [30/Oct/2021:18:41:50 +0530] "GET /web/webapp HTTP/1.1" 200 -
0:0:0:0:0:0:0:1 - - [30/Oct/2021:18:42:01 +0530] "GET /web/test HTTP/1.1" 404 763
127.0.0.1 - - [30/Oct/2021:18:42:27 +0530] "GET / HTTP/1.1" 404 751
0:0:0:0:0:0:0:1 - - [30/Oct/2021:18:42:27 +0530] "GET /web/test HTTP/1.1" 200 -
0:0:0:0:0:0:0:1 - - [30/Oct/2021:18:42:38 +0530] "GET /web/app HTTP/1.1" 404 762
0:0:0:0:0:0:0:1 - - [30/Oct/2021:18:42:43 +0530] "GET /app/ HTTP/1.1" 404 759
127.0.0.1 - - [30/Oct/2021:18:43:14 +0530] "GET / HTTP/1.1" 404 751
0:0:0:0:0:0:0:1 - - [30/Oct/2021:18:43:21 +0530] "GET /app/ HTTP/1.1" 404 759
0:0:0:0:0:0:0:1 - - [30/Oct/2021:18:43:26 +0530] "GET /webapp/ HTTP/1.1" 404 762
0:0:0:0:0:0:0:1 - - [30/Oct/2021:18:43:30 +0530] "GET /webapp/app HTTP/1.1" 404 765
127.0.0.1 - - [30/Oct/2021:19:00:36 +0530] "GET / HTTP/1.1" 404 751
0:0:0:0:0:0:0:1 - - [30/Oct/2021:19:01:35 +0530] "GET /webapp/app HTTP/1.1" 404 765
0:0:0:0:0:0:0:1 - - [30/Oct/2021:19:01:41 +0530] "GET /web HTTP/1.1" 302 -
0:0:0:0:0:0:0:1 - - [30/Oct/2021:19:01:41 +0530] "GET /web/ HTTP/1.1" 200 57
0:0:0:0:0:0:0:1 - - [30/Oct/2021:19:01:49 +0530] "GET /web/test HTTP/1.1" 200 15
0:0:0:0:0:0:0:1 - - [30/Oct/2021:19:02:06 +0530] "GET /web/app HTTP/1.1" 404 762
0:0:0:0:0:0:0:1 - - [30/Oct/2021:19:03:32 +0530] "GET /web/app HTTP/1.1" 404 762
127.0.0.1 - - [30/Oct/2021:19:09:45 +0530] "GET / HTTP/1.1" 404 751
0:0:0:0:0:0:0:1 - - [30/Oct/2021:19:09:58 +0530] "GET /app/ HTTP/1.1" 404 759
0:0:0:0:0:0:0:1 - - [30/Oct/2021:19:10:07 +0530] "GET /webap HTTP/1.1" 404 756
0:0:0:0:0:0:0:1 - - [30/Oct/2021:19:10:09 +0530] "GET /webapp HTTP/1.1" 404 757
0:0:0:0:0:0:0:1 - - [30/Oct/2021:19:10:12 +0530] "GET /webapp/ HTTP/1.1" 404 762
0:0:0:0:0:0:0:1 - - [30/Oct/2021:19:10:22 +0530] "GET /web HTTP/1.1" 302 -
0:0:0:0:0:0:0:1 - - [30/Oct/2021:19:10:22 +0530] "GET /web/ HTTP/1.1" 200 57
0:0:0:0:0:0:0:1 - - [30/Oct/2021:19:10:49 +0530] "GET /web/app HTTP/1.1" 404 762
0:0:0:0:0:0:0:1 - - [30/Oct/2021:19:10:53 +0530] "GET /web/test HTTP/1.1" 200 15
0:0:0:0:0:0:0:1 - - [30/Oct/2021:19:11:41 +0530] "GET /web/app HTTP/1.1" 404 762
0:0:0:0:0:0:0:1 - - [30/Oct/2021:19:11:42 +0530] "GET /web/app/ HTTP/1.1" 404 767
127.0.0.1 - - [30/Oct/2021:19:13:05 +0530] "GET / HTTP/1.1" 404 751
0:0:0:0:0:0:0:1 - - [30/Oct/2021:19:13:09 +0530] "GET /web/app/ HTTP/1.1" 404 767
0:0:0:0:0:0:0:1 - - [30/Oct/2021:19:13:13 +0530] "GET /web/test HTTP/1.1" 200 15
127.0.0.1 - - [30/Oct/2021:19:16:03 +0530] "GET / HTTP/1.1" 404 751
0:0:0:0:0:0:0:1 - - [30/Oct/2021:19:16:16 +0530] "GET /web/app HTTP/1.1" 404 762
0:0:0:0:0:0:0:1 - - [30/Oct/2021:19:16:21 +0530] "GET /web/app/ HTTP/1.1" 404 777
127.0.0.1 - - [30/Oct/2021:19:17:00 +0530] "GET / HTTP/1.1" 404 751
0:0:0:0:0:0:0:1 - - [30/Oct/2021:19:17:02 +0530] "GET /web/app/ HTTP/1.1" 404 777
0:0:0:0:0:0:0:1 - - [30/Oct/2021:19:17:21 +0530] "GET /web/test HTTP/1.1" 200 15
127.0.0.1 - - [30/Oct/2021:19:26:39 +0530] "GET / HTTP/1.1" 404 751
0:0:0:0:0:0:0:1 - - [30/Oct/2021:19:26:45 +0530] "GET /web/test HTTP/1.1" 200 15
0:0:0:0:0:0:0:1 - - [30/Oct/2021:19:26:52 +0530] "GET /web/app HTTP/1.1" 404 762
0:0:0:0:0:0:0:1 - - [30/Oct/2021:19:26:57 +0530] "GET /web/app/ HTTP/1.1" 200 10
0:0:0:0:0:0:0:1 - - [30/Oct/2021:19:27:22 +0530] "GET /web/app/home HTTP/1.1" 404 756
127.0.0.1 - - [30/Oct/2021:19:28:03 +0530] "GET / HTTP/1.1" 404 751
0:0:0:0:0:0:0:1 - - [30/Oct/2021:19:28:08 +0530] "GET /web/app/home HTTP/1.1" 404 756
127.0.0.1 - - [30/Oct/2021:19:28:32 +0530] "GET / HTTP/1.1" 404 751
0:0:0:0:0:0:0:1 - - [30/Oct/2021:19:28:38 +0530] "GET /web/app/home HTTP/1.1" 404 756
0:0:0:0:0:0:0:1 - - [30/Oct/2021:19:28:43 +0530] "GET /web HTTP/1.1" 302 -
0:0:0:0:0:0:0:1 - - [30/Oct/2021:19:28:44 +0530] "GET /web/ HTTP/1.1" 200 57
127.0.0.1 - - [30/Oct/2021:19:29:41 +0530] "GET / HTTP/1.1" 404 751
0:0:0:0:0:0:0:1 - - [30/Oct/2021:19:29:45 +0530] "GET /web/ HTTP/1.1" 200 57
0:0:0:0:0:0:0:1 - - [30/Oct/2021:19:29:46 +0530] "GET /web/test HTTP/1.1" 200 15
0:0:0:0:0:0:0:1 - - [30/Oct/2021:19:29:50 +0530] "GET /web/home HTTP/1.1" 404 763
127.0.0.1 - - [30/Oct/2021:19:30:41 +0530] "GET / HTTP/1.1" 404 751
0:0:0:0:0:0:0:1 - - [30/Oct/2021:19:30:43 +0530] "GET /web/home HTTP/1.1" 404 763
127.0.0.1 - - [30/Oct/2021:19:31:18 +0530] "GET / HTTP/1.1" 404 751
0:0:0:0:0:0:0:1 - - [30/Oct/2021:19:31:26 +0530] "GET /web/home HTTP/1.1" 404 763
0:0:0:0:0:0:0:1 - - [30/Oct/2021:19:31:28 +0530] "GET /web/home HTTP/1.1" 404 763
0:0:0:0:0:0:0:1 - - [30/Oct/2021:19:31:34 +0530] "GET /web/ HTTP/1.1" 200 57
0:0:0:0:0:0:0:1 - - [30/Oct/2021:19:31:39 +0530] "GET /web/app HTTP/1.1" 404 762
0:0:0:0:0:0:0:1 - - [30/Oct/2021:19:31:41 +0530] "GET /web/app/ HTTP/1.1" 200 10
127.0.0.1 - - [30/Oct/2021:19:33:25 +0530] "GET / HTTP/1.1" 404 751
0:0:0:0:0:0:0:1 - - [30/Oct/2021:19:33:29 +0530] "GET /web/app/ HTTP/1.1" 404 767
0:0:0:0:0:0:0:1 - - [30/Oct/2021:19:33:32 +0530] "GET /web/app HTTP/1.1" 404 762
0:0:0:0:0:0:0:1 - - [30/Oct/2021:19:33:35 +0530] "GET /web/app/test HTTP/1.1" 200 10
0:0:0:0:0:0:0:1 - - [30/Oct/2021:19:33:40 +0530] "GET /web/servlet/test HTTP/1.1" 200 15
0:0:0:0:0:0:0:1 - - [30/Oct/2021:19:33:45 +0530] "GET /web/home HTTP/1.1" 404 763
0:0:0:0:0:0:0:1 - - [30/Oct/2021:19:33:51 +0530] "GET /web/app/home HTTP/1.1" 404 756
127.0.0.1 - - [30/Oct/2021:19:35:06 +0530] "GET / HTTP/1.1" 404 751
0:0:0:0:0:0:0:1 - - [30/Oct/2021:19:35:32 +0530] "GET /web/app/home HTTP/1.1" 404 756
127.0.0.1 - - [30/Oct/2021:19:38:48 +0530] "GET / HTTP/1.1" 404 751
0:0:0:0:0:0:0:1 - - [30/Oct/2021:19:38:59 +0530] "GET /web/app/home HTTP/1.1" 404 756
127.0.0.1 - - [30/Oct/2021:19:41:56 +0530] "GET / HTTP/1.1" 404 751
0:0:0:0:0:0:0:1 - - [30/Oct/2021:19:42:10 +0530] "GET /web/app/home HTTP/1.1" 200 138
127.0.0.1 - - [30/Oct/2021:19:46:54 +0530] "GET / HTTP/1.1" 404 751
127.0.0.1 - - [30/Oct/2021:20:04:24 +0530] "GET / HTTP/1.1" 404 751
0:0:0:0:0:0:0:1 - - [30/Oct/2021:20:04:39 +0530] "GET /web/servlet/test HTTP/1.1" 200 15
0:0:0:0:0:0:0:1 - - [30/Oct/2021:20:04:45 +0530] "GET /web/app/home HTTP/1.1" 500 1864
127.0.0.1 - - [30/Oct/2021:20:06:09 +0530] "GET / HTTP/1.1" 404 751
0:0:0:0:0:0:0:1 - - [30/Oct/2021:20:06:13 +0530] "GET /web/app/home HTTP/1.1" 200 138
127.0.0.1 - - [30/Oct/2021:20:15:46 +0530] "GET / HTTP/1.1" 404 751
0:0:0:0:0:0:0:1 - - [30/Oct/2021:20:15:58 +0530] "GET /web/app/home HTTP/1.1" 200 138
0:0:0:0:0:0:0:1 - - [30/Oct/2021:20:16:02 +0530] "GET /web/app/welcome HTTP/1.1" 404 771
127.0.0.1 - - [30/Oct/2021:20:17:30 +0530] "GET / HTTP/1.1" 404 751
0:0:0:0:0:0:0:1 - - [30/Oct/2021:20:17:36 +0530] "GET /web/app/welcome HTTP/1.1" 200 153
127.0.0.1 - - [30/Oct/2021:20:18:25 +0530] "GET / HTTP/1.1" 404 751
0:0:0:0:0:0:0:1 - - [30/Oct/2021:20:18:33 +0530] "GET /web/app/home HTTP/1.1" 200 138
0:0:0:0:0:0:0:1 - - [30/Oct/2021:20:18:39 +0530] "GET /web/app/welcome HTTP/1.1" 404 771
127.0.0.1 - - [30/Oct/2021:20:19:33 +0530] "GET / HTTP/1.1" 404 751
0:0:0:0:0:0:0:1 - - [30/Oct/2021:20:19:40 +0530] "GET /web/app/welcome HTTP/1.1" 404 771
0:0:0:0:0:0:0:1 - - [30/Oct/2021:20:19:45 +0530] "GET /web/app/home HTTP/1.1" 200 138
0:0:0:0:0:0:0:1 - - [30/Oct/2021:20:19:51 +0530] "GET /web/app/welcome HTTP/1.1" 404 771
127.0.0.1 - - [30/Oct/2021:20:21:23 +0530] "GET / HTTP/1.1" 404 751
0:0:0:0:0:0:0:1 - - [30/Oct/2021:20:21:37 +0530] "GET /web/app/welcome HTTP/1.1" 404 771
0:0:0:0:0:0:0:1 - - [30/Oct/2021:20:21:42 +0530] "GET /web/app/home HTTP/1.1" 200 138
127.0.0.1 - - [30/Oct/2021:20:26:04 +0530] "GET / HTTP/1.1" 404 751
0:0:0:0:0:0:0:1 - - [30/Oct/2021:20:26:08 +0530] "GET /web/app/home HTTP/1.1" 500 5286
0:0:0:0:0:0:0:1 - - [30/Oct/2021:20:26:20 +0530] "GET /web/app/welcome HTTP/1.1" 200 153
0:0:0:0:0:0:0:1 - - [30/Oct/2021:20:26:22 +0530] "GET /web/app/home HTTP/1.1" 500 5286
127.0.0.1 - - [30/Oct/2021:20:27:35 +0530] "GET / HTTP/1.1" 404 751
0:0:0:0:0:0:0:1 - - [30/Oct/2021:20:28:45 +0530] "GET /web/app/home HTTP/1.1" 404 772
127.0.0.1 - - [30/Oct/2021:20:30:13 +0530] "GET / HTTP/1.1" 404 751
0:0:0:0:0:0:0:1 - - [30/Oct/2021:20:30:15 +0530] "GET /web/app/home HTTP/1.1" 200 138
0:0:0:0:0:0:0:1 - - [30/Oct/2021:20:30:21 +0530] "GET /web/app/welcome HTTP/1.1" 200 153
127.0.0.1 - - [30/Oct/2021:20:31:21 +0530] "GET / HTTP/1.1" 404 751
0:0:0:0:0:0:0:1 - - [30/Oct/2021:20:31:25 +0530] "GET /web/app/welcome HTTP/1.1" 200 153
0:0:0:0:0:0:0:1 - - [30/Oct/2021:20:31:28 +0530] "GET /web/app/home HTTP/1.1" 200 138
0:0:0:0:0:0:0:1 - - [30/Oct/2021:20:31:29 +0530] "GET /web/app/homr HTTP/1.1" 404 771
0:0:0:0:0:0:0:1 - - [30/Oct/2021:20:31:37 +0530] "GET /web/app/test HTTP/1.1" 200 10
0:0:0:0:0:0:0:1 - - [30/Oct/2021:20:31:43 +0530] "GET /web/servlet/test HTTP/1.1" 200 15
